net_G loaded
50
0.jpg generate completed
1.jpg generate completed
2.jpg generate completed
3.jpg generate completed
4.jpg generate completed
5.jpg generate completed
6.jpg generate completed
7.jpg generate completed
8.jpg generate completed
9.jpg generate completed
10.jpg generate completed
11.jpg generate completed
12.jpg generate completed
13.jpg generate completed
14.jpg generate completed
15.jpg generate completed
16.jpg generate completed
17.jpg generate completed
18.jpg generate completed
19.jpg generate completed
20.jpg generate completed
21.jpg generate completed
22.jpg generate completed
23.jpg generate completed
24.jpg generate completed
25.jpg generate completed
26.jpg generate completed
27.jpg generate completed
28.jpg generate completed
29.jpg generate completed
30.jpg generate completed
31.jpg generate completed
32.jpg generate completed
33.jpg generate completed
34.jpg generate completed
35.jpg generate completed
36.jpg generate completed
37.jpg generate completed
38.jpg generate completed
39.jpg generate completed
40.jpg generate completed
41.jpg generate completed
42.jpg generate completed
43.jpg generate completed
44.jpg generate completed
45.jpg generate completed
46.jpg generate completed
47.jpg generate completed
48.jpg generate completed
49.jpg generate completed
